---
http_interactions:
- request:
    method: get
    uri: https://<USERNAME>:<PASSWORD>@oiapi.com/v1/advertisers/
    body:
      encoding: US-ASCII
      string: ''
    headers:
      Content-Type:
      - application/json
      User-Agent:
      - OiApiRuby Gem 0.1.1
  response:
    status:
      code: 200
      message: OK
    headers:
      Date:
      - Fri, 24 Apr 2015 15:09:59 GMT
      Server:
      - Apache/2.2.15 (CentOS)
      Vary:
      - Accept,Cookie
      X-Frame-Options:
      - SAMEORIGIN
      Allow:
      - GET, POST, HEAD, OPTIONS
      Connection:
      - close
      Transfer-Encoding:
      - chunked
      Content-Type:
      - application/json
    body:
      encoding: UTF-8
      string: '[{"id": 40015, "name": "new advertiser 02c4497f9f4d6074529c7aac17b1ec86",
        "status_id": 1, "category_id": 1010, "key": "", "create_date": "2015-04-24T11:10:59",
        "modify_date": "2015-04-24T11:10:59"}, {"id": 40014, "name": "new advertiser
        dfd6cf127c972d66729e4abe48daf2cf", "status_id": 1, "category_id": 1010, "key":
        "", "create_date": "2015-04-24T11:10:58", "modify_date": "2015-04-24T11:10:58"}]'
    http_version: 
  recorded_at: Fri, 24 Apr 2015 15:11:01 GMT
- request:
    method: delete
    uri: https://<USERNAME>:<PASSWORD>@oiapi.com/v1/advertisers/40015/
    body:
      encoding: US-ASCII
      string: ''
    headers:
      Content-Type:
      - application/json
      User-Agent:
      - OiApiRuby Gem 0.1.1
  response:
    status:
      code: 200
      message: OK
    headers:
      Date:
      - Fri, 24 Apr 2015 15:10:00 GMT
      Server:
      - Apache/2.2.15 (CentOS)
      Vary:
      - Accept,Cookie
      X-Frame-Options:
      - SAMEORIGIN
      Allow:
      - GET, PUT, DELETE, HEAD, OPTIONS
      Connection:
      - close
      Transfer-Encoding:
      - chunked
      Content-Type:
      - application/json
    body:
      encoding: UTF-8
      string: '{"status": "Delete Successful", "message": "Advertiser Succesfully
        deleted"}'
    http_version: 
  recorded_at: Fri, 24 Apr 2015 15:11:01 GMT
- request:
    method: delete
    uri: https://<USERNAME>:<PASSWORD>@oiapi.com/v1/advertisers/40014/
    body:
      encoding: US-ASCII
      string: ''
    headers:
      Content-Type:
      - application/json
      User-Agent:
      - OiApiRuby Gem 0.1.1
  response:
    status:
      code: 200
      message: OK
    headers:
      Date:
      - Fri, 24 Apr 2015 15:10:00 GMT
      Server:
      - Apache/2.2.15 (CentOS)
      Vary:
      - Accept,Cookie
      X-Frame-Options:
      - SAMEORIGIN
      Allow:
      - GET, PUT, DELETE, HEAD, OPTIONS
      Connection:
      - close
      Transfer-Encoding:
      - chunked
      Content-Type:
      - application/json
    body:
      encoding: UTF-8
      string: '{"status": "Delete Successful", "message": "Advertiser Succesfully
        deleted"}'
    http_version: 
  recorded_at: Fri, 24 Apr 2015 15:11:02 GMT
- request:
    method: get
    uri: https://<USERNAME>:<PASSWORD>@oiapi.com/v1/offers/
    body:
      encoding: US-ASCII
      string: ''
    headers:
      Content-Type:
      - application/json
      User-Agent:
      - OiApiRuby Gem 0.1.1
  response:
    status:
      code: 200
      message: OK
    headers:
      Date:
      - Fri, 24 Apr 2015 15:10:00 GMT
      Server:
      - Apache/2.2.15 (CentOS)
      Vary:
      - Accept,Cookie
      X-Frame-Options:
      - SAMEORIGIN
      Allow:
      - GET, POST, HEAD, OPTIONS
      Connection:
      - close
      Transfer-Encoding:
      - chunked
      Content-Type:
      - application/json
    body:
      encoding: UTF-8
      string: "[]"
    http_version: 
  recorded_at: Fri, 24 Apr 2015 15:11:02 GMT
- request:
    method: put
    uri: https://<USERNAME>:<PASSWORD>@oiapi.com/v1/offers/99999999999999/
    body:
      encoding: UTF-8
      string: '{"status_id":2}'
    headers:
      Content-Type:
      - application/json
      User-Agent:
      - OiApiRuby Gem 0.1.1
  response:
    status:
      code: 404
      message: NOT FOUND
    headers:
      Date:
      - Fri, 24 Apr 2015 15:10:01 GMT
      Server:
      - Apache/2.2.15 (CentOS)
      Vary:
      - Accept,Cookie
      X-Frame-Options:
      - SAMEORIGIN
      Allow:
      - GET, PUT, HEAD, OPTIONS
      Connection:
      - close
      Transfer-Encoding:
      - chunked
      Content-Type:
      - application/json
    body:
      encoding: UTF-8
      string: '{"status": "Update Failed", "message": "Offer not found"}'
    http_version: 
  recorded_at: Fri, 24 Apr 2015 15:11:02 GMT
recorded_with: VCR 2.9.3
