---
http_interactions:
- request:
    method: get
    uri: https://<USERNAME>:<PASSWORD>@oiapi.com/v1/advertisers/
    body:
      encoding: US-ASCII
      string: ''
    headers:
      Content-Type:
      - application/json
      User-Agent:
      - OiApiRuby Gem 0.1.1
  response:
    status:
      code: 200
      message: OK
    headers:
      Date:
      - Fri, 24 Apr 2015 19:32:03 GMT
      Server:
      - Apache/2.2.15 (CentOS)
      Vary:
      - Accept,Cookie
      X-Frame-Options:
      - SAMEORIGIN
      Allow:
      - GET, POST, HEAD, OPTIONS
      Connection:
      - close
      Transfer-Encoding:
      - chunked
      Content-Type:
      - application/json
    body:
      encoding: UTF-8
      string: '[{"id": 40041, "name": "new advertiser 24109a81b957b04881224b700bca51d3",
        "status_id": 1, "category_id": 1010, "key": "", "create_date": "2015-04-24T15:33:03",
        "modify_date": "2015-04-24T15:33:03"}]'
    http_version: 
  recorded_at: Fri, 24 Apr 2015 19:33:05 GMT
- request:
    method: delete
    uri: https://<USERNAME>:<PASSWORD>@oiapi.com/v1/advertisers/40041/
    body:
      encoding: US-ASCII
      string: ''
    headers:
      Content-Type:
      - application/json
      User-Agent:
      - OiApiRuby Gem 0.1.1
  response:
    status:
      code: 200
      message: OK
    headers:
      Date:
      - Fri, 24 Apr 2015 19:32:03 GMT
      Server:
      - Apache/2.2.15 (CentOS)
      Vary:
      - Accept,Cookie
      X-Frame-Options:
      - SAMEORIGIN
      Allow:
      - GET, PUT, DELETE, HEAD, OPTIONS
      Connection:
      - close
      Transfer-Encoding:
      - chunked
      Content-Type:
      - application/json
    body:
      encoding: UTF-8
      string: '{"status": "Delete Successful", "message": "Advertiser Succesfully
        deleted"}'
    http_version: 
  recorded_at: Fri, 24 Apr 2015 19:33:06 GMT
- request:
    method: get
    uri: https://<USERNAME>:<PASSWORD>@oiapi.com/v1/offers/
    body:
      encoding: US-ASCII
      string: ''
    headers:
      Content-Type:
      - application/json
      User-Agent:
      - OiApiRuby Gem 0.1.1
  response:
    status:
      code: 200
      message: OK
    headers:
      Date:
      - Fri, 24 Apr 2015 19:32:04 GMT
      Server:
      - Apache/2.2.15 (CentOS)
      Vary:
      - Accept,Cookie
      X-Frame-Options:
      - SAMEORIGIN
      Allow:
      - GET, POST, HEAD, OPTIONS
      Connection:
      - close
      Transfer-Encoding:
      - chunked
      Content-Type:
      - application/json
    body:
      encoding: UTF-8
      string: "[]"
    http_version: 
  recorded_at: Fri, 24 Apr 2015 19:33:06 GMT
- request:
    method: post
    uri: https://<USERNAME>:<PASSWORD>@oiapi.com/v1/advertisers/
    body:
      encoding: UTF-8
      string: '{"name":"new advertiser 81479040671876efc064aefa32d8afd7","status_id":1,"category_id":1010}'
    headers:
      Content-Type:
      - application/json
      User-Agent:
      - OiApiRuby Gem 0.1.1
  response:
    status:
      code: 201
      message: CREATED
    headers:
      Date:
      - Fri, 24 Apr 2015 19:32:04 GMT
      Server:
      - Apache/2.2.15 (CentOS)
      Vary:
      - Accept,Cookie
      X-Frame-Options:
      - SAMEORIGIN
      Allow:
      - GET, POST, HEAD, OPTIONS
      Connection:
      - close
      Transfer-Encoding:
      - chunked
      Content-Type:
      - application/json
    body:
      encoding: UTF-8
      string: '{"status": "Create Successful", "message": "Advertiser successfully
        created", "id": 40042}'
    http_version: 
  recorded_at: Fri, 24 Apr 2015 19:33:06 GMT
- request:
    method: post
    uri: https://<USERNAME>:<PASSWORD>@oiapi.com/v1/offers/
    body:
      encoding: UTF-8
      string: '{"advertiser_id":40042,"name":"Special Product e0f71c4f3ee56ce31d2fb150c25635bc","category_id":1010,"status_id":9,"headline":"Buy
        our product today 155957bb3c4461f1bcbf68c6f53583d6","body":"Try for FREE for
        a limited time only. This is your one-and-only chance! b94a79e46449cd8edfe4437a4ab77e73","cpl_price":1.0,"global_cap":1000,"monthly_cap":300,"daily_cap":10,"image1":"http://www.opt-intelligence.com/images/cats120.png","image2":"http://www.opt-intelligence.com/images/cats88.png","data_points":["EM","FN"],"targeting":{"min_age":18,"max_age":45,"zip":{"include":true,"zip_codes":["14226","10009","10023","11211"]},"gender":"m","country":{"include":true,"countries":["USA"]},"third_party":{}},"comment":"Hello
        there"}'
    headers:
      Content-Type:
      - application/json
      User-Agent:
      - OiApiRuby Gem 0.1.1
  response:
    status:
      code: 201
      message: CREATED
    headers:
      Date:
      - Fri, 24 Apr 2015 19:32:05 GMT
      Server:
      - Apache/2.2.15 (CentOS)
      Vary:
      - Accept,Cookie
      X-Frame-Options:
      - SAMEORIGIN
      Allow:
      - GET, POST, HEAD, OPTIONS
      Connection:
      - close
      Transfer-Encoding:
      - chunked
      Content-Type:
      - application/json
    body:
      encoding: UTF-8
      string: '{"status": "Request Successful", "message": "Offer successfully created",
        "id": 79589}'
    http_version: 
  recorded_at: Fri, 24 Apr 2015 19:33:08 GMT
recorded_with: VCR 2.9.3
