---
http_interactions:
- request:
    method: get
    uri: https://<USERNAME>:<PASSWORD>@oiapi.com/v1/advertisers/
    body:
      encoding: US-ASCII
      string: ''
    headers:
      Content-Type:
      - application/json
      User-Agent:
      - OiApiRuby Gem 0.1.1
  response:
    status:
      code: 200
      message: OK
    headers:
      Date:
      - Fri, 24 Apr 2015 22:37:42 GMT
      Server:
      - Apache/2.2.15 (CentOS)
      Vary:
      - Accept,Cookie
      X-Frame-Options:
      - SAMEORIGIN
      Allow:
      - GET, POST, HEAD, OPTIONS
      Connection:
      - close
      Transfer-Encoding:
      - chunked
      Content-Type:
      - application/json
    body:
      encoding: UTF-8
      string: "[]"
    http_version: 
  recorded_at: Fri, 24 Apr 2015 22:38:44 GMT
- request:
    method: get
    uri: https://<USERNAME>:<PASSWORD>@oiapi.com/v1/offers/
    body:
      encoding: US-ASCII
      string: ''
    headers:
      Content-Type:
      - application/json
      User-Agent:
      - OiApiRuby Gem 0.1.1
  response:
    status:
      code: 200
      message: OK
    headers:
      Date:
      - Fri, 24 Apr 2015 22:37:42 GMT
      Server:
      - Apache/2.2.15 (CentOS)
      Vary:
      - Accept,Cookie
      X-Frame-Options:
      - SAMEORIGIN
      Allow:
      - GET, POST, HEAD, OPTIONS
      Connection:
      - close
      Transfer-Encoding:
      - chunked
      Content-Type:
      - application/json
    body:
      encoding: UTF-8
      string: "[]"
    http_version: 
  recorded_at: Fri, 24 Apr 2015 22:38:45 GMT
- request:
    method: put
    uri: https://<USERNAME>:<PASSWORD>@oiapi.com/v1/offers/99999999999999/
    body:
      encoding: UTF-8
      string: '{"status_id":2}'
    headers:
      Content-Type:
      - application/json
      User-Agent:
      - OiApiRuby Gem 0.1.1
  response:
    status:
      code: 404
      message: NOT FOUND
    headers:
      Date:
      - Fri, 24 Apr 2015 22:37:43 GMT
      Server:
      - Apache/2.2.15 (CentOS)
      Vary:
      - Accept,Cookie
      X-Frame-Options:
      - SAMEORIGIN
      Allow:
      - GET, PUT, HEAD, OPTIONS
      Connection:
      - close
      Transfer-Encoding:
      - chunked
      Content-Type:
      - application/json
    body:
      encoding: UTF-8
      string: '{"status": "Update Failed", "message": "Offer not found"}'
    http_version: 
  recorded_at: Fri, 24 Apr 2015 22:38:45 GMT
recorded_with: VCR 2.9.3
