---
http_interactions:
- request:
    method: get
    uri: https://<USERNAME>:<PASSWORD>@oiapi.com/v1/advertisers/
    body:
      encoding: US-ASCII
      string: ''
    headers:
      Content-Type:
      - application/json
      User-Agent:
      - OiApiRuby Gem 0.1.1
  response:
    status:
      code: 200
      message: OK
    headers:
      Date:
      - Fri, 24 Apr 2015 22:37:29 GMT
      Server:
      - Apache/2.2.15 (CentOS)
      Vary:
      - Accept,Cookie
      X-Frame-Options:
      - SAMEORIGIN
      Allow:
      - GET, POST, HEAD, OPTIONS
      Connection:
      - close
      Transfer-Encoding:
      - chunked
      Content-Type:
      - application/json
    body:
      encoding: UTF-8
      string: '[{"id": 40396, "name": "new advertiser 6c7d9bfa8bc04539a708083a1c2e1116",
        "status_id": 1, "category_id": 1010, "key": "", "create_date": "2015-04-24T18:38:27",
        "modify_date": "2015-04-24T18:38:27"}, {"id": 40397, "name": "new advertiser
        7e56001cc46543dfec41208a8d112e8d", "status_id": 1, "category_id": 1010, "key":
        "", "create_date": "2015-04-24T18:38:28", "modify_date": "2015-04-24T18:38:28"},
        {"id": 40398, "name": "new advertiser 9f5be7355976e553efcb21bddc57de3e", "status_id":
        1, "category_id": 1010, "key": "", "create_date": "2015-04-24T18:38:29", "modify_date":
        "2015-04-24T18:38:29"}]'
    http_version: 
  recorded_at: Fri, 24 Apr 2015 22:38:32 GMT
- request:
    method: delete
    uri: https://<USERNAME>:<PASSWORD>@oiapi.com/v1/advertisers/40396/
    body:
      encoding: US-ASCII
      string: ''
    headers:
      Content-Type:
      - application/json
      User-Agent:
      - OiApiRuby Gem 0.1.1
  response:
    status:
      code: 200
      message: OK
    headers:
      Date:
      - Fri, 24 Apr 2015 22:37:30 GMT
      Server:
      - Apache/2.2.15 (CentOS)
      Vary:
      - Accept,Cookie
      X-Frame-Options:
      - SAMEORIGIN
      Allow:
      - GET, PUT, DELETE, HEAD, OPTIONS
      Connection:
      - close
      Transfer-Encoding:
      - chunked
      Content-Type:
      - application/json
    body:
      encoding: UTF-8
      string: '{"status": "Delete Successful", "message": "Advertiser Succesfully
        deleted"}'
    http_version: 
  recorded_at: Fri, 24 Apr 2015 22:38:32 GMT
- request:
    method: delete
    uri: https://<USERNAME>:<PASSWORD>@oiapi.com/v1/advertisers/40397/
    body:
      encoding: US-ASCII
      string: ''
    headers:
      Content-Type:
      - application/json
      User-Agent:
      - OiApiRuby Gem 0.1.1
  response:
    status:
      code: 200
      message: OK
    headers:
      Date:
      - Fri, 24 Apr 2015 22:37:30 GMT
      Server:
      - Apache/2.2.15 (CentOS)
      Vary:
      - Accept,Cookie
      X-Frame-Options:
      - SAMEORIGIN
      Allow:
      - GET, PUT, DELETE, HEAD, OPTIONS
      Connection:
      - close
      Transfer-Encoding:
      - chunked
      Content-Type:
      - application/json
    body:
      encoding: UTF-8
      string: '{"status": "Delete Successful", "message": "Advertiser Succesfully
        deleted"}'
    http_version: 
  recorded_at: Fri, 24 Apr 2015 22:38:32 GMT
- request:
    method: delete
    uri: https://<USERNAME>:<PASSWORD>@oiapi.com/v1/advertisers/40398/
    body:
      encoding: US-ASCII
      string: ''
    headers:
      Content-Type:
      - application/json
      User-Agent:
      - OiApiRuby Gem 0.1.1
  response:
    status:
      code: 200
      message: OK
    headers:
      Date:
      - Fri, 24 Apr 2015 22:37:31 GMT
      Server:
      - Apache/2.2.15 (CentOS)
      Vary:
      - Accept,Cookie
      X-Frame-Options:
      - SAMEORIGIN
      Allow:
      - GET, PUT, DELETE, HEAD, OPTIONS
      Connection:
      - close
      Transfer-Encoding:
      - chunked
      Content-Type:
      - application/json
    body:
      encoding: UTF-8
      string: '{"status": "Delete Successful", "message": "Advertiser Succesfully
        deleted"}'
    http_version: 
  recorded_at: Fri, 24 Apr 2015 22:38:33 GMT
- request:
    method: get
    uri: https://<USERNAME>:<PASSWORD>@oiapi.com/v1/offers/
    body:
      encoding: US-ASCII
      string: ''
    headers:
      Content-Type:
      - application/json
      User-Agent:
      - OiApiRuby Gem 0.1.1
  response:
    status:
      code: 200
      message: OK
    headers:
      Date:
      - Fri, 24 Apr 2015 22:37:31 GMT
      Server:
      - Apache/2.2.15 (CentOS)
      Vary:
      - Accept,Cookie
      X-Frame-Options:
      - SAMEORIGIN
      Allow:
      - GET, POST, HEAD, OPTIONS
      Connection:
      - close
      Transfer-Encoding:
      - chunked
      Content-Type:
      - application/json
    body:
      encoding: UTF-8
      string: "[]"
    http_version: 
  recorded_at: Fri, 24 Apr 2015 22:38:33 GMT
- request:
    method: post
    uri: https://<USERNAME>:<PASSWORD>@oiapi.com/v1/advertisers/
    body:
      encoding: UTF-8
      string: '{"name":"new advertiser e2591943873e0f565579b8ddc89c320c","status_id":1,"category_id":1010}'
    headers:
      Content-Type:
      - application/json
      User-Agent:
      - OiApiRuby Gem 0.1.1
  response:
    status:
      code: 201
      message: CREATED
    headers:
      Date:
      - Fri, 24 Apr 2015 22:37:31 GMT
      Server:
      - Apache/2.2.15 (CentOS)
      Vary:
      - Accept,Cookie
      X-Frame-Options:
      - SAMEORIGIN
      Allow:
      - GET, POST, HEAD, OPTIONS
      Connection:
      - close
      Transfer-Encoding:
      - chunked
      Content-Type:
      - application/json
    body:
      encoding: UTF-8
      string: '{"status": "Create Successful", "message": "Advertiser successfully
        created", "id": 40399}'
    http_version: 
  recorded_at: Fri, 24 Apr 2015 22:38:34 GMT
- request:
    method: post
    uri: https://<USERNAME>:<PASSWORD>@oiapi.com/v1/offers/
    body:
      encoding: UTF-8
      string: '{"advertiser_id":40399,"name":"Special Product b962420f3e2e3ec8a6b503c9f2de324b","category_id":1010,"status_id":9,"headline":"Buy
        our product today cb343170cbcfbd8d9f1b5dd3e68aca6d","body":"Try for FREE for
        a limited time only. This is your one-and-only chance! e260c2d55d2f178fa5fa93adc7d71e03","cpl_price":1.0,"global_cap":1000,"monthly_cap":300,"daily_cap":10,"image1":"http://www.opt-intelligence.com/images/cats120.png","image2":"http://www.opt-intelligence.com/images/cats88.png","data_points":["EM","FN"],"targeting":{"min_age":18,"max_age":45,"zip":{"include":true,"zip_codes":["14226","10009","10023","11211"]},"gender":"m","country":{"include":true,"countries":["USA"]},"third_party":{}},"comment":"Hello
        there"}'
    headers:
      Content-Type:
      - application/json
      User-Agent:
      - OiApiRuby Gem 0.1.1
  response:
    status:
      code: 201
      message: CREATED
    headers:
      Date:
      - Fri, 24 Apr 2015 22:37:32 GMT
      Server:
      - Apache/2.2.15 (CentOS)
      Vary:
      - Accept,Cookie
      X-Frame-Options:
      - SAMEORIGIN
      Allow:
      - GET, POST, HEAD, OPTIONS
      Connection:
      - close
      Transfer-Encoding:
      - chunked
      Content-Type:
      - application/json
    body:
      encoding: UTF-8
      string: '{"status": "Request Successful", "message": "Offer successfully created",
        "id": 79813}'
    http_version: 
  recorded_at: Fri, 24 Apr 2015 22:38:35 GMT
- request:
    method: put
    uri: https://<USERNAME>:<PASSWORD>@oiapi.com/v1/offers/79813/
    body:
      encoding: UTF-8
      string: '{"headline":"Last chance to buy our product","cpl_price":2.0}'
    headers:
      Content-Type:
      - application/json
      User-Agent:
      - OiApiRuby Gem 0.1.1
  response:
    status:
      code: 200
      message: OK
    headers:
      Date:
      - Fri, 24 Apr 2015 22:37:33 GMT
      Server:
      - Apache/2.2.15 (CentOS)
      Vary:
      - Accept,Cookie
      X-Frame-Options:
      - SAMEORIGIN
      Allow:
      - GET, PUT, HEAD, OPTIONS
      Connection:
      - close
      Transfer-Encoding:
      - chunked
      Content-Type:
      - application/json
    body:
      encoding: UTF-8
      string: '{"status": "Request Succesful", "message": "Offer successfully updated",
        "id": 79813}'
    http_version: 
  recorded_at: Fri, 24 Apr 2015 22:38:35 GMT
recorded_with: VCR 2.9.3
