---
http_interactions:
- request:
    method: get
    uri: https://<USERNAME>:<PASSWORD>@oiapi.com/v1/advertisers/
    body:
      encoding: US-ASCII
      string: ''
    headers:
      Content-Type:
      - application/json
      User-Agent:
      - OiApiRuby Gem 0.1.1
  response:
    status:
      code: 200
      message: OK
    headers:
      Date:
      - Fri, 24 Apr 2015 22:50:13 GMT
      Server:
      - Apache/2.2.15 (CentOS)
      Vary:
      - Accept,Cookie
      X-Frame-Options:
      - SAMEORIGIN
      Allow:
      - GET, POST, HEAD, OPTIONS
      Connection:
      - close
      Transfer-Encoding:
      - chunked
      Content-Type:
      - application/json
    body:
      encoding: UTF-8
      string: '[{"id": 40417, "name": "new advertiser 962e5c1947772860aa906d9a7bc3841a",
        "status_id": 1, "category_id": 1010, "key": "", "create_date": "2015-04-24T18:51:11",
        "modify_date": "2015-04-24T18:51:11"}, {"id": 40418, "name": "new advertiser
        62afa30c70c40c3745c622ff5900dc61", "status_id": 1, "category_id": 1010, "key":
        "", "create_date": "2015-04-24T18:51:12", "modify_date": "2015-04-24T18:51:12"}]'
    http_version: 
  recorded_at: Fri, 24 Apr 2015 22:51:15 GMT
- request:
    method: delete
    uri: https://<USERNAME>:<PASSWORD>@oiapi.com/v1/advertisers/40417/
    body:
      encoding: US-ASCII
      string: ''
    headers:
      Content-Type:
      - application/json
      User-Agent:
      - OiApiRuby Gem 0.1.1
  response:
    status:
      code: 200
      message: OK
    headers:
      Date:
      - Fri, 24 Apr 2015 22:50:13 GMT
      Server:
      - Apache/2.2.15 (CentOS)
      Vary:
      - Accept,Cookie
      X-Frame-Options:
      - SAMEORIGIN
      Allow:
      - GET, PUT, DELETE, HEAD, OPTIONS
      Connection:
      - close
      Transfer-Encoding:
      - chunked
      Content-Type:
      - application/json
    body:
      encoding: UTF-8
      string: '{"status": "Delete Successful", "message": "Advertiser Succesfully
        deleted"}'
    http_version: 
  recorded_at: Fri, 24 Apr 2015 22:51:15 GMT
- request:
    method: delete
    uri: https://<USERNAME>:<PASSWORD>@oiapi.com/v1/advertisers/40418/
    body:
      encoding: US-ASCII
      string: ''
    headers:
      Content-Type:
      - application/json
      User-Agent:
      - OiApiRuby Gem 0.1.1
  response:
    status:
      code: 200
      message: OK
    headers:
      Date:
      - Fri, 24 Apr 2015 22:50:13 GMT
      Server:
      - Apache/2.2.15 (CentOS)
      Vary:
      - Accept,Cookie
      X-Frame-Options:
      - SAMEORIGIN
      Allow:
      - GET, PUT, DELETE, HEAD, OPTIONS
      Connection:
      - close
      Transfer-Encoding:
      - chunked
      Content-Type:
      - application/json
    body:
      encoding: UTF-8
      string: '{"status": "Delete Successful", "message": "Advertiser Succesfully
        deleted"}'
    http_version: 
  recorded_at: Fri, 24 Apr 2015 22:51:16 GMT
- request:
    method: get
    uri: https://<USERNAME>:<PASSWORD>@oiapi.com/v1/offers/
    body:
      encoding: US-ASCII
      string: ''
    headers:
      Content-Type:
      - application/json
      User-Agent:
      - OiApiRuby Gem 0.1.1
  response:
    status:
      code: 200
      message: OK
    headers:
      Date:
      - Fri, 24 Apr 2015 22:50:14 GMT
      Server:
      - Apache/2.2.15 (CentOS)
      Vary:
      - Accept,Cookie
      X-Frame-Options:
      - SAMEORIGIN
      Allow:
      - GET, POST, HEAD, OPTIONS
      Connection:
      - close
      Transfer-Encoding:
      - chunked
      Content-Type:
      - application/json
    body:
      encoding: UTF-8
      string: "[]"
    http_version: 
  recorded_at: Fri, 24 Apr 2015 22:51:16 GMT
- request:
    method: post
    uri: https://<USERNAME>:<PASSWORD>@oiapi.com/v1/advertisers/
    body:
      encoding: UTF-8
      string: '{"name":"new advertiser ff2c9b87390fc2b1a6dcc94abb5b6648","status_id":1,"category_id":1010}'
    headers:
      Content-Type:
      - application/json
      User-Agent:
      - OiApiRuby Gem 0.1.1
  response:
    status:
      code: 201
      message: CREATED
    headers:
      Date:
      - Fri, 24 Apr 2015 22:50:14 GMT
      Server:
      - Apache/2.2.15 (CentOS)
      Vary:
      - Accept,Cookie
      X-Frame-Options:
      - SAMEORIGIN
      Allow:
      - GET, POST, HEAD, OPTIONS
      Connection:
      - close
      Transfer-Encoding:
      - chunked
      Content-Type:
      - application/json
    body:
      encoding: UTF-8
      string: '{"status": "Create Successful", "message": "Advertiser successfully
        created", "id": 40419}'
    http_version: 
  recorded_at: Fri, 24 Apr 2015 22:51:16 GMT
- request:
    method: post
    uri: https://<USERNAME>:<PASSWORD>@oiapi.com/v1/offers/
    body:
      encoding: UTF-8
      string: '{"advertiser_id":40419,"name":"Special Product d1ae3c6545de643c713fb816d488ca6f","category_id":1010,"status_id":9,"headline":"Buy
        our product today 12cc1d529831c262af446dbd2a7b50b9","body":"Try for FREE for
        a limited time only. This is your one-and-only chance! 51eb1b039f2664622d86c96780b59949","cpl_price":1.0,"global_cap":1000,"monthly_cap":300,"daily_cap":10,"image1":"http://www.opt-intelligence.com/images/cats120.png","image2":"http://www.opt-intelligence.com/images/cats88.png","data_points":["EM","FN"],"targeting":{"min_age":18,"max_age":45,"zip":{"include":true,"zip_codes":["14226","10009","10023","11211"]},"gender":"m","country":{"include":true,"countries":["USA"]},"third_party":{}},"comment":"Hello
        there"}'
    headers:
      Content-Type:
      - application/json
      User-Agent:
      - OiApiRuby Gem 0.1.1
  response:
    status:
      code: 201
      message: CREATED
    headers:
      Date:
      - Fri, 24 Apr 2015 22:50:14 GMT
      Server:
      - Apache/2.2.15 (CentOS)
      Vary:
      - Accept,Cookie
      X-Frame-Options:
      - SAMEORIGIN
      Allow:
      - GET, POST, HEAD, OPTIONS
      Connection:
      - close
      Transfer-Encoding:
      - chunked
      Content-Type:
      - application/json
    body:
      encoding: UTF-8
      string: '{"status": "Request Successful", "message": "Offer successfully created",
        "id": 79830}'
    http_version: 
  recorded_at: Fri, 24 Apr 2015 22:51:18 GMT
- request:
    method: post
    uri: https://<USERNAME>:<PASSWORD>@oiapi.com/v1/advertisers/
    body:
      encoding: UTF-8
      string: '{"name":"new advertiser 2a3b913691f74f41922ec7f1ec79cdb6","status_id":1,"category_id":1010}'
    headers:
      Content-Type:
      - application/json
      User-Agent:
      - OiApiRuby Gem 0.1.1
  response:
    status:
      code: 201
      message: CREATED
    headers:
      Date:
      - Fri, 24 Apr 2015 22:50:16 GMT
      Server:
      - Apache/2.2.15 (CentOS)
      Vary:
      - Accept,Cookie
      X-Frame-Options:
      - SAMEORIGIN
      Allow:
      - GET, POST, HEAD, OPTIONS
      Connection:
      - close
      Transfer-Encoding:
      - chunked
      Content-Type:
      - application/json
    body:
      encoding: UTF-8
      string: '{"status": "Create Successful", "message": "Advertiser successfully
        created", "id": 40420}'
    http_version: 
  recorded_at: Fri, 24 Apr 2015 22:51:18 GMT
- request:
    method: post
    uri: https://<USERNAME>:<PASSWORD>@oiapi.com/v1/offers/
    body:
      encoding: UTF-8
      string: '{"advertiser_id":40420,"name":"Special Product 289451c303a5cc7673cf5889570c5dea","category_id":1010,"status_id":9,"headline":"Buy
        our product today fc60b2a4c2841b07d2b46c5054d757b9","body":"Try for FREE for
        a limited time only. This is your one-and-only chance! 48122a720b0c66767f1183d233bdc2c7","cpl_price":1.0,"global_cap":1000,"monthly_cap":300,"daily_cap":10,"image1":"http://www.opt-intelligence.com/images/cats120.png","image2":"http://www.opt-intelligence.com/images/cats88.png","data_points":["EM","FN"],"targeting":{"min_age":18,"max_age":45,"zip":{"include":true,"zip_codes":["14226","10009","10023","11211"]},"gender":"m","country":{"include":true,"countries":["USA"]},"third_party":{}},"comment":"Hello
        there"}'
    headers:
      Content-Type:
      - application/json
      User-Agent:
      - OiApiRuby Gem 0.1.1
  response:
    status:
      code: 201
      message: CREATED
    headers:
      Date:
      - Fri, 24 Apr 2015 22:50:16 GMT
      Server:
      - Apache/2.2.15 (CentOS)
      Vary:
      - Accept,Cookie
      X-Frame-Options:
      - SAMEORIGIN
      Allow:
      - GET, POST, HEAD, OPTIONS
      Connection:
      - close
      Transfer-Encoding:
      - chunked
      Content-Type:
      - application/json
    body:
      encoding: UTF-8
      string: '{"status": "Request Successful", "message": "Offer successfully created",
        "id": 79831}'
    http_version: 
  recorded_at: Fri, 24 Apr 2015 22:51:19 GMT
- request:
    method: post
    uri: https://<USERNAME>:<PASSWORD>@oiapi.com/v1/offers/79830/datatransfers/
    body:
      encoding: UTF-8
      string: '{"name":"DT for Special Product 1 e5eaf5a2cb16efee13c6b8fa96a82c8c","status_id":1,"type":"http","offer_id":79830,"dt_info":{"base_url":"http://www.someclientbaseurl.com","method":"POST"},"data_fields":[{"email":"#{EM}"},{"first_name":"#{FN}"},{"last_name":"#{LN}"},{"zip":"#{PO}"},{"gender":"#{G}"}]}'
    headers:
      Content-Type:
      - application/json
      User-Agent:
      - OiApiRuby Gem 0.1.1
  response:
    status:
      code: 200
      message: OK
    headers:
      Date:
      - Fri, 24 Apr 2015 22:50:17 GMT
      Server:
      - Apache/2.2.15 (CentOS)
      Vary:
      - Accept,Cookie
      X-Frame-Options:
      - SAMEORIGIN
      Allow:
      - GET, POST, HEAD, OPTIONS
      Connection:
      - close
      Transfer-Encoding:
      - chunked
      Content-Type:
      - application/json
    body:
      encoding: UTF-8
      string: '{"status": "Create Successful", "id": 90082}'
    http_version: 
  recorded_at: Fri, 24 Apr 2015 22:51:20 GMT
- request:
    method: put
    uri: https://<USERNAME>:<PASSWORD>@oiapi.com/v1/offers/79830/datatransfers/90082/
    body:
      encoding: UTF-8
      string: '{"status_id":2}'
    headers:
      Content-Type:
      - application/json
      User-Agent:
      - OiApiRuby Gem 0.1.1
  response:
    status:
      code: 200
      message: OK
    headers:
      Date:
      - Fri, 24 Apr 2015 22:50:18 GMT
      Server:
      - Apache/2.2.15 (CentOS)
      Vary:
      - Accept,Cookie
      X-Frame-Options:
      - SAMEORIGIN
      Allow:
      - GET, PUT, DELETE, HEAD, OPTIONS
      Connection:
      - close
      Transfer-Encoding:
      - chunked
      Content-Type:
      - application/json
    body:
      encoding: UTF-8
      string: '{"status": "Update Successful"}'
    http_version: 
  recorded_at: Fri, 24 Apr 2015 22:51:20 GMT
recorded_with: VCR 2.9.3
